{"eventType":"StartElement","elementName":"DocumentElement","attributes":{"param":"value"}}{"eventType":"StartElement","elementName":"First.Element","attributes":{"some.attr":"some.value"}}{"eventType":"Text","data":"\n    ¶ Some Text ®\n  "}{"eventType":"EndElement","elementName":"First.Element"}{"eventType":"StartElement","elementName":"SecondElement","attributes":{"param2":"something"}}{"eventType":"Text","data":"\n    Pre-Text "}{"eventType":"StartElement","elementName":"Inline"}{"eventType":"Text","data":"Inlined text"}{"eventType":"EndElement","elementName":"Inline"}{"eventType":"Text","data":" Post-text.\n  "}{"eventType":"EndElement","elementName":"SecondElement"}{"eventType":"StartElement","elementName":"entities"}{"eventType":"Text","data":"Xml tags begin with \"<\" and end with \">\" Ampersand is & and apostrophe is '"}{"eventType":"EndElement","elementName":"entities"}{"eventType":"StartElement","elementName":"script"}{"eventType":"CDATA","data":"\nfunction sum(a,b)\n{\n  return a+b;\n}\n"}{"eventType":"EndElement","elementName":"script"}{"eventType":"Comment","data":"\n  Hello,\n  I am a multi-line XML comment.\n"}{"eventType":"EndElement","elementName":"DocumentElement"}